// Jest Snapshot v1, https://goo.gl/fbAQLP

exports[`matches snapshot 1`] = `
<DocumentFragment>
  <form>
    <div
      class="form-group d-block col-sm-12 font-weight-bold"
    >
      <div
        class="row justify-content-around mb-2 bg-dark"
      >
        <div
          class="form-group-check"
        >
          <input
            class="form-check-input"
            id="type1"
            name="type"
            required=""
            type="radio"
            value="snacks"
          />
          <label
            class="form-check-label"
            for="type1"
          >
            Snack
          </label>
        </div>
        <div
          class="form-group-check"
        >
          <input
            class="form-check-input"
            id="type2"
            name="type"
            required=""
            type="radio"
            value="drinks"
          />
          <label
            class="form-check-label"
            for="type2"
          >
            Drink
          </label>
        </div>
      </div>
      <label
        for="name"
      >
        Name
      </label>
      <input
        class="form-control"
        id="name"
        name="name"
        required=""
        type="text"
        value=""
      />
      <label
        for="description"
      >
        Description
      </label>
      <input
        class="form-control"
        id="description"
        name="description"
        required=""
        type="text"
        value=""
      />
      <label
        for="recipe"
      >
        Recipe
      </label>
      <input
        class="form-control"
        id="recipe"
        name="recipe"
        required=""
        type="text"
        value=""
      />
      <label
        for="serve"
      >
        Serve
      </label>
      <input
        class="form-control"
        id="serve"
        name="serve"
        required=""
        type="text"
        value=""
      />
      <button
        class="btn btn-primary mt-3 col-sm-6 col-md-8"
      >
        Add Item
      </button>
    </div>
  </form>
</DocumentFragment>
`;
